#-----------------------------------------------------------
# Vivado v2025.2 (64-bit)
# SW Build 6299465 on Fri Nov 14 12:34:56 MST 2025
# IP Build 6300035 on Fri Nov 14 10:48:45 MST 2025
# SharedData Build 6298862 on Thu Nov 13 04:50:51 MST 2025
# Start of session at: Fri Jan 16 14:27:14 2026
# Process ID         : 28471
# Current directory  : /home/optimus/uni/bachely/TEXTE
# Command line       : vivado
# Log file           : /home/optimus/uni/bachely/TEXTE/vivado.log
# Journal file       : /home/optimus/uni/bachely/TEXTE/vivado.jou
# Running On         : optimus-Yoga-Slim-7-14ITL05
# Platform           : Ubuntu
# Operating System   : Ubuntu 24.04.3 LTS
# Processor Detail   : 11th Gen Intel(R) Core(TM) i5-1135G7 @ 2.40GHz
# CPU Frequency      : 2897.751 MHz
# CPU Physical cores : 4
# CPU Logical cores  : 8
# Host memory        : 16558 MB
# Swap memory        : 4294 MB
# Total Virtual      : 20853 MB
# Available Virtual  : 17962 MB
#-----------------------------------------------------------
start_gui
open_project /home/optimus/uni/dilithium/dilithium.xpr
update_compile_order -fileset sources_1
