Copyright 1986-2022 Xilinx, Inc. All Rights Reserved. Copyright 2022-2025 Advanced Micro Devices, Inc. All Rights Reserved.
---------------------------------------------------------------------------------------------------------------------------------------------------------------------------------------------------------------------------------------------------
| Tool Version : Vivado v.2025.2 (lin64) Build 6299465 Fri Nov 14 12:34:56 MST 2025
| Date         : Thu Dec 11 21:21:34 2025
| Host         : optimus-Yoga-Slim-7-14ITL05 running 64-bit Ubuntu 24.04.3 LTS
| Command      : report_timing_summary -max_paths 10 -routable_nets -report_unconstrained -file UART_transmit_timing_summary_routed.rpt -pb UART_transmit_timing_summary_routed.pb -rpx UART_transmit_timing_summary_routed.rpx -warn_on_violation
| Design       : UART_transmit
| Device       : 7a75t-fgg484
| Speed File   : -1  PRODUCTION 1.23 2018-06-13
| Design State : Routed
---------------------------------------------------------------------------------------------------------------------------------------------------------------------------------------------------------------------------------------------------

Timing Summary Report

------------------------------------------------------------------------------------------------
| Timer Settings
| --------------
------------------------------------------------------------------------------------------------

  Enable Multi Corner Analysis               :  Yes
  Enable Pessimism Removal                   :  Yes
  Pessimism Removal Resolution               :  Nearest Common Node
  Enable Input Delay Default Clock           :  No
  Enable Preset / Clear Arcs                 :  No
  Disable Flight Delays                      :  No
  Ignore I/O Paths                           :  No
  Timing Early Launch at Borrowing Latches   :  No
  Borrow Time for Max Delay Exceptions       :  Yes
  Merge Timing Exceptions                    :  Yes
  Inter-SLR Compensation                     :  Conservative

  Corner  Analyze    Analyze    
  Name    Max Paths  Min Paths  
  ------  ---------  ---------  
  Slow    Yes        Yes        
  Fast    Yes        Yes        


------------------------------------------------------------------------------------------------
| Report Methodology
| ------------------
------------------------------------------------------------------------------------------------

Rule       Severity          Description                  Violations  
---------  ----------------  ---------------------------  ----------  
TIMING-17  Critical Warning  Non-clocked sequential cell  14          

Note: This report is based on the most recent report_methodology run and may not be up-to-date. Run report_methodology on the current design for the latest report.



check_timing report

Table of Contents
-----------------
1. checking no_clock (14)
2. checking constant_clock (0)
3. checking pulse_width_clock (0)
4. checking unconstrained_internal_endpoints (32)
5. checking no_input_delay (11)
6. checking no_output_delay (2)
7. checking multiple_clock (0)
8. checking generated_clocks (0)
9. checking loops (0)
10. checking partial_input_delay (0)
11. checking partial_output_delay (0)
12. checking latch_loops (0)

1. checking no_clock (14)
-------------------------
 There are 14 register/latch pins with no clock driven by root clock pin: clock (HIGH)


2. checking constant_clock (0)
------------------------------
 There are 0 register/latch pins with constant_clock.


3. checking pulse_width_clock (0)
---------------------------------
 There are 0 register/latch pins which need pulse_width check


4. checking unconstrained_internal_endpoints (32)
-------------------------------------------------
 There are 32 pins that are not constrained for maximum delay. (HIGH)

 There are 0 pins that are not constrained for maximum delay due to constant clock.


5. checking no_input_delay (11)
-------------------------------
 There are 11 input ports with no input delay specified. (HIGH)

 There are 0 input ports with no input delay but user has a false path constraint.


6. checking no_output_delay (2)
-------------------------------
 There are 2 ports with no output delay specified. (HIGH)

 There are 0 ports with no output delay but user has a false path constraint

 There are 0 ports with no output delay but with a timing clock defined on it or propagating through it


7. checking multiple_clock (0)
------------------------------
 There are 0 register/latch pins with multiple clocks.


8. checking generated_clocks (0)
--------------------------------
 There are 0 generated clocks that are not connected to a clock source.


9. checking loops (0)
---------------------
 There are 0 combinational loops in the design.


10. checking partial_input_delay (0)
------------------------------------
 There are 0 input ports with partial input delay specified.


11. checking partial_output_delay (0)
-------------------------------------
 There are 0 ports with partial output delay specified.


12. checking latch_loops (0)
----------------------------
 There are 0 combinational latch loops in the design through latch input



------------------------------------------------------------------------------------------------
| Design Timing Summary
| ---------------------
------------------------------------------------------------------------------------------------

    WNS(ns)      TNS(ns)  TNS Failing Endpoints  TNS Total Endpoints      WHS(ns)      THS(ns)  THS Failing Endpoints  THS Total Endpoints     WPWS(ns)     TPWS(ns)  TPWS Failing Endpoints  TPWS Total Endpoints  
    -------      -------  ---------------------  -------------------      -------      -------  ---------------------  -------------------     --------     --------  ----------------------  --------------------  
        inf        0.000                      0                   34          inf        0.000                      0                   34           NA           NA                      NA                    NA  


There are no user specified timing constraints.


------------------------------------------------------------------------------------------------
| Clock Summary
| -------------
------------------------------------------------------------------------------------------------


------------------------------------------------------------------------------------------------
| Intra Clock Table
| -----------------
------------------------------------------------------------------------------------------------

Clock             WNS(ns)      TNS(ns)  TNS Failing Endpoints  TNS Total Endpoints      WHS(ns)      THS(ns)  THS Failing Endpoints  THS Total Endpoints     WPWS(ns)     TPWS(ns)  TPWS Failing Endpoints  TPWS Total Endpoints  
-----             -------      -------  ---------------------  -------------------      -------      -------  ---------------------  -------------------     --------     --------  ----------------------  --------------------  


------------------------------------------------------------------------------------------------
| Inter Clock Table
| -----------------
------------------------------------------------------------------------------------------------

From Clock    To Clock          WNS(ns)      TNS(ns)  TNS Failing Endpoints  TNS Total Endpoints      WHS(ns)      THS(ns)  THS Failing Endpoints  THS Total Endpoints  
----------    --------          -------      -------  ---------------------  -------------------      -------      -------  ---------------------  -------------------  


------------------------------------------------------------------------------------------------
| Other Path Groups Table
| -----------------------
------------------------------------------------------------------------------------------------

Path Group    From Clock    To Clock          WNS(ns)      TNS(ns)  TNS Failing Endpoints  TNS Total Endpoints      WHS(ns)      THS(ns)  THS Failing Endpoints  THS Total Endpoints  
----------    ----------    --------          -------      -------  ---------------------  -------------------      -------      -------  ---------------------  -------------------  


------------------------------------------------------------------------------------------------
| User Ignored Path Table
| -----------------------
------------------------------------------------------------------------------------------------

Path Group    From Clock    To Clock    
----------    ----------    --------    


------------------------------------------------------------------------------------------------
| Unconstrained Path Table
| ------------------------
------------------------------------------------------------------------------------------------

Path Group    From Clock    To Clock    
----------    ----------    --------    
(none)                                    


------------------------------------------------------------------------------------------------
| Timing Details
| --------------
------------------------------------------------------------------------------------------------


--------------------------------------------------------------------------------------
Path Group:  (none)
From Clock:  
  To Clock:  

Max Delay            34 Endpoints
Min Delay            34 Endpoints
--------------------------------------------------------------------------------------


Max Delay Paths
--------------------------------------------------------------------------------------
Slack:                    inf
  Source:                 FSM_sequential_state_reg[0]/C
                            (rising edge-triggered cell FDRE)
  Destination:            busy
                            (output port)
  Path Group:             (none)
  Path Type:              Max at Slow Process Corner
  Data Path Delay:        5.676ns  (logic 3.285ns (57.880%)  route 2.391ns (42.120%))
  Logic Levels:           3  (FDRE=1 LUT2=1 OBUF=1)

    Location             Delay type                Incr(ns)  Path(ns)    Netlist Resource(s)
  -------------------------------------------------------------------    -------------------
    SLICE_X2Y21          FDRE                         0.000     0.000 r  FSM_sequential_state_reg[0]/C
    SLICE_X2Y21          FDRE (Prop_fdre_C_Q)         0.518     0.518 r  FSM_sequential_state_reg[0]/Q
                         net (fo=7, routed)           0.657     1.175    state[0]
    SLICE_X1Y21          LUT2 (Prop_lut2_I0_O)        0.124     1.299 r  busy_OBUF_inst_i_1/O
                         net (fo=1, routed)           1.733     3.033    busy_OBUF
    U16                  OBUF (Prop_obuf_I_O)         2.643     5.676 r  busy_OBUF_inst/O
                         net (fo=0)                   0.000     5.676    busy
    U16                                                               r  busy (OUT)
  -------------------------------------------------------------------    -------------------

Slack:                    inf
  Source:                 tx_reg/C
                            (rising edge-triggered cell FDSE)
  Destination:            tx
                            (output port)
  Path Group:             (none)
  Path Type:              Max at Slow Process Corner
  Data Path Delay:        4.815ns  (logic 3.101ns (64.408%)  route 1.714ns (35.592%))
  Logic Levels:           2  (FDSE=1 OBUF=1)

    Location             Delay type                Incr(ns)  Path(ns)    Netlist Resource(s)
  -------------------------------------------------------------------    -------------------
    SLICE_X1Y21          FDSE                         0.000     0.000 r  tx_reg/C
    SLICE_X1Y21          FDSE (Prop_fdse_C_Q)         0.456     0.456 r  tx_reg/Q
                         net (fo=1, routed)           1.714     2.170    tx_OBUF
    T16                  OBUF (Prop_obuf_I_O)         2.645     4.815 r  tx_OBUF_inst/O
                         net (fo=0)                   0.000     4.815    tx
    T16                                                               r  tx (OUT)
  -------------------------------------------------------------------    -------------------

Slack:                    inf
  Source:                 reset
                            (input port)
  Destination:            FSM_sequential_state_reg[1]/D
  Path Group:             (none)
  Path Type:              Max at Slow Process Corner
  Data Path Delay:        3.714ns  (logic 1.185ns (31.912%)  route 2.529ns (68.088%))
  Logic Levels:           2  (IBUF=1 LUT4=1)

    Location             Delay type                Incr(ns)  Path(ns)    Netlist Resource(s)
  -------------------------------------------------------------------    -------------------
    W11                                               0.000     0.000 f  reset (IN)
                         net (fo=0)                   0.000     0.000    reset
    W11                  IBUF (Prop_ibuf_I_O)         1.033     1.033 f  reset_IBUF_inst/O
                         net (fo=14, routed)          2.051     3.084    reset_IBUF
    SLICE_X1Y21          LUT4 (Prop_lut4_I3_O)        0.152     3.236 r  FSM_sequential_state[1]_i_1/O
                         net (fo=1, routed)           0.477     3.714    FSM_sequential_state[1]_i_1_n_0
    SLICE_X3Y21          FDRE                                         r  FSM_sequential_state_reg[1]/D
  -------------------------------------------------------------------    -------------------

Slack:                    inf
  Source:                 clock_en
                            (input port)
  Destination:            index_reg[1]/D
  Path Group:             (none)
  Path Type:              Max at Slow Process Corner
  Data Path Delay:        3.432ns  (logic 1.309ns (38.149%)  route 2.123ns (61.851%))
  Logic Levels:           3  (IBUF=1 LUT5=1 LUT6=1)

    Location             Delay type                Incr(ns)  Path(ns)    Netlist Resource(s)
  -------------------------------------------------------------------    -------------------
    W12                                               0.000     0.000 r  clock_en (IN)
                         net (fo=0)                   0.000     0.000    clock_en
    W12                  IBUF (Prop_ibuf_I_O)         1.033     1.033 r  clock_en_IBUF_inst/O
                         net (fo=5, routed)           1.442     2.475    clock_en_IBUF
    SLICE_X2Y21          LUT6 (Prop_lut6_I4_O)        0.124     2.599 r  index[2]_i_2/O
                         net (fo=3, routed)           0.681     3.280    index[0]
    SLICE_X2Y21          LUT5 (Prop_lut5_I1_O)        0.152     3.432 r  index[1]_i_1/O
                         net (fo=1, routed)           0.000     3.432    index[1]_i_1_n_0
    SLICE_X2Y21          FDRE                                         r  index_reg[1]/D
  -------------------------------------------------------------------    -------------------

Slack:                    inf
  Source:                 clock_en
                            (input port)
  Destination:            index_reg[0]/D
  Path Group:             (none)
  Path Type:              Max at Slow Process Corner
  Data Path Delay:        3.404ns  (logic 1.281ns (37.640%)  route 2.123ns (62.360%))
  Logic Levels:           3  (IBUF=1 LUT4=1 LUT6=1)

    Location             Delay type                Incr(ns)  Path(ns)    Netlist Resource(s)
  -------------------------------------------------------------------    -------------------
    W12                                               0.000     0.000 r  clock_en (IN)
                         net (fo=0)                   0.000     0.000    clock_en
    W12                  IBUF (Prop_ibuf_I_O)         1.033     1.033 r  clock_en_IBUF_inst/O
                         net (fo=5, routed)           1.442     2.475    clock_en_IBUF
    SLICE_X2Y21          LUT6 (Prop_lut6_I4_O)        0.124     2.599 r  index[2]_i_2/O
                         net (fo=3, routed)           0.681     3.280    index[0]
    SLICE_X2Y21          LUT4 (Prop_lut4_I1_O)        0.124     3.404 r  index[0]_i_1/O
                         net (fo=1, routed)           0.000     3.404    index[0]_i_1_n_0
    SLICE_X2Y21          FDRE                                         r  index_reg[0]/D
  -------------------------------------------------------------------    -------------------

Slack:                    inf
  Source:                 clock_en
                            (input port)
  Destination:            index_reg[2]/D
  Path Group:             (none)
  Path Type:              Max at Slow Process Corner
  Data Path Delay:        3.016ns  (logic 1.281ns (42.482%)  route 1.735ns (57.518%))
  Logic Levels:           3  (IBUF=1 LUT6=2)

    Location             Delay type                Incr(ns)  Path(ns)    Netlist Resource(s)
  -------------------------------------------------------------------    -------------------
    W12                                               0.000     0.000 r  clock_en (IN)
                         net (fo=0)                   0.000     0.000    clock_en
    W12                  IBUF (Prop_ibuf_I_O)         1.033     1.033 r  clock_en_IBUF_inst/O
                         net (fo=5, routed)           1.442     2.475    clock_en_IBUF
    SLICE_X2Y21          LUT6 (Prop_lut6_I4_O)        0.124     2.599 r  index[2]_i_2/O
                         net (fo=3, routed)           0.293     2.892    index[0]
    SLICE_X2Y21          LUT6 (Prop_lut6_I1_O)        0.124     3.016 r  index[2]_i_1/O
                         net (fo=1, routed)           0.000     3.016    index[2]_i_1_n_0
    SLICE_X2Y21          FDRE                                         r  index_reg[2]/D
  -------------------------------------------------------------------    -------------------

Slack:                    inf
  Source:                 clock_en
                            (input port)
  Destination:            FSM_sequential_state_reg[0]/D
  Path Group:             (none)
  Path Type:              Max at Slow Process Corner
  Data Path Delay:        2.983ns  (logic 1.157ns (38.790%)  route 1.826ns (61.210%))
  Logic Levels:           2  (IBUF=1 LUT6=1)

    Location             Delay type                Incr(ns)  Path(ns)    Netlist Resource(s)
  -------------------------------------------------------------------    -------------------
    W12                                               0.000     0.000 r  clock_en (IN)
                         net (fo=0)                   0.000     0.000    clock_en
    W12                  IBUF (Prop_ibuf_I_O)         1.033     1.033 r  clock_en_IBUF_inst/O
                         net (fo=5, routed)           1.826     2.859    clock_en_IBUF
    SLICE_X2Y21          LUT6 (Prop_lut6_I2_O)        0.124     2.983 r  FSM_sequential_state[0]_i_1/O
                         net (fo=1, routed)           0.000     2.983    FSM_sequential_state[0]_i_1_n_0
    SLICE_X2Y21          FDRE                                         r  FSM_sequential_state_reg[0]/D
  -------------------------------------------------------------------    -------------------

Slack:                    inf
  Source:                 write_en
                            (input port)
  Destination:            data_reg[0]/CE
  Path Group:             (none)
  Path Type:              Max at Slow Process Corner
  Data Path Delay:        2.850ns  (logic 1.159ns (40.649%)  route 1.692ns (59.351%))
  Logic Levels:           2  (IBUF=1 LUT3=1)

    Location             Delay type                Incr(ns)  Path(ns)    Netlist Resource(s)
  -------------------------------------------------------------------    -------------------
    Y12                                               0.000     0.000 r  write_en (IN)
                         net (fo=0)                   0.000     0.000    write_en
    Y12                  IBUF (Prop_ibuf_I_O)         1.035     1.035 r  write_en_IBUF_inst/O
                         net (fo=2, routed)           1.313     2.348    write_en_IBUF
    SLICE_X0Y21          LUT3 (Prop_lut3_I0_O)        0.124     2.472 r  data[7]_i_1/O
                         net (fo=8, routed)           0.378     2.850    data[7]_i_1_n_0
    SLICE_X0Y21          FDRE                                         r  data_reg[0]/CE
  -------------------------------------------------------------------    -------------------

Slack:                    inf
  Source:                 write_en
                            (input port)
  Destination:            data_reg[1]/CE
  Path Group:             (none)
  Path Type:              Max at Slow Process Corner
  Data Path Delay:        2.850ns  (logic 1.159ns (40.649%)  route 1.692ns (59.351%))
  Logic Levels:           2  (IBUF=1 LUT3=1)

    Location             Delay type                Incr(ns)  Path(ns)    Netlist Resource(s)
  -------------------------------------------------------------------    -------------------
    Y12                                               0.000     0.000 r  write_en (IN)
                         net (fo=0)                   0.000     0.000    write_en
    Y12                  IBUF (Prop_ibuf_I_O)         1.035     1.035 r  write_en_IBUF_inst/O
                         net (fo=2, routed)           1.313     2.348    write_en_IBUF
    SLICE_X0Y21          LUT3 (Prop_lut3_I0_O)        0.124     2.472 r  data[7]_i_1/O
                         net (fo=8, routed)           0.378     2.850    data[7]_i_1_n_0
    SLICE_X0Y21          FDRE                                         r  data_reg[1]/CE
  -------------------------------------------------------------------    -------------------

Slack:                    inf
  Source:                 write_en
                            (input port)
  Destination:            data_reg[2]/CE
  Path Group:             (none)
  Path Type:              Max at Slow Process Corner
  Data Path Delay:        2.850ns  (logic 1.159ns (40.649%)  route 1.692ns (59.351%))
  Logic Levels:           2  (IBUF=1 LUT3=1)

    Location             Delay type                Incr(ns)  Path(ns)    Netlist Resource(s)
  -------------------------------------------------------------------    -------------------
    Y12                                               0.000     0.000 r  write_en (IN)
                         net (fo=0)                   0.000     0.000    write_en
    Y12                  IBUF (Prop_ibuf_I_O)         1.035     1.035 r  write_en_IBUF_inst/O
                         net (fo=2, routed)           1.313     2.348    write_en_IBUF
    SLICE_X0Y21          LUT3 (Prop_lut3_I0_O)        0.124     2.472 r  data[7]_i_1/O
                         net (fo=8, routed)           0.378     2.850    data[7]_i_1_n_0
    SLICE_X0Y21          FDRE                                         r  data_reg[2]/CE
  -------------------------------------------------------------------    -------------------





Min Delay Paths
--------------------------------------------------------------------------------------
Slack:                    inf
  Source:                 FSM_sequential_state_reg[1]/C
                            (rising edge-triggered cell FDRE)
  Destination:            FSM_sequential_state_reg[0]/D
  Path Group:             (none)
  Path Type:              Min at Fast Process Corner
  Data Path Delay:        0.319ns  (logic 0.186ns (58.389%)  route 0.133ns (41.611%))
  Logic Levels:           2  (FDRE=1 LUT6=1)

    Location             Delay type                Incr(ns)  Path(ns)    Netlist Resource(s)
  -------------------------------------------------------------------    -------------------
    SLICE_X3Y21          FDRE                         0.000     0.000 r  FSM_sequential_state_reg[1]/C
    SLICE_X3Y21          FDRE (Prop_fdre_C_Q)         0.141     0.141 r  FSM_sequential_state_reg[1]/Q
                         net (fo=10, routed)          0.133     0.274    state[1]
    SLICE_X2Y21          LUT6 (Prop_lut6_I3_O)        0.045     0.319 r  FSM_sequential_state[0]_i_1/O
                         net (fo=1, routed)           0.000     0.319    FSM_sequential_state[0]_i_1_n_0
    SLICE_X2Y21          FDRE                                         r  FSM_sequential_state_reg[0]/D
  -------------------------------------------------------------------    -------------------

Slack:                    inf
  Source:                 FSM_sequential_state_reg[1]/C
                            (rising edge-triggered cell FDRE)
  Destination:            index_reg[0]/D
  Path Group:             (none)
  Path Type:              Min at Fast Process Corner
  Data Path Delay:        0.323ns  (logic 0.186ns (57.665%)  route 0.137ns (42.335%))
  Logic Levels:           2  (FDRE=1 LUT4=1)

    Location             Delay type                Incr(ns)  Path(ns)    Netlist Resource(s)
  -------------------------------------------------------------------    -------------------
    SLICE_X3Y21          FDRE                         0.000     0.000 r  FSM_sequential_state_reg[1]/C
    SLICE_X3Y21          FDRE (Prop_fdre_C_Q)         0.141     0.141 r  FSM_sequential_state_reg[1]/Q
                         net (fo=10, routed)          0.137     0.278    state[1]
    SLICE_X2Y21          LUT4 (Prop_lut4_I2_O)        0.045     0.323 r  index[0]_i_1/O
                         net (fo=1, routed)           0.000     0.323    index[0]_i_1_n_0
    SLICE_X2Y21          FDRE                                         r  index_reg[0]/D
  -------------------------------------------------------------------    -------------------

Slack:                    inf
  Source:                 FSM_sequential_state_reg[1]/C
                            (rising edge-triggered cell FDRE)
  Destination:            index_reg[1]/D
  Path Group:             (none)
  Path Type:              Min at Fast Process Corner
  Data Path Delay:        0.326ns  (logic 0.189ns (58.056%)  route 0.137ns (41.944%))
  Logic Levels:           2  (FDRE=1 LUT5=1)

    Location             Delay type                Incr(ns)  Path(ns)    Netlist Resource(s)
  -------------------------------------------------------------------    -------------------
    SLICE_X3Y21          FDRE                         0.000     0.000 r  FSM_sequential_state_reg[1]/C
    SLICE_X3Y21          FDRE (Prop_fdre_C_Q)         0.141     0.141 r  FSM_sequential_state_reg[1]/Q
                         net (fo=10, routed)          0.137     0.278    state[1]
    SLICE_X2Y21          LUT5 (Prop_lut5_I3_O)        0.048     0.326 r  index[1]_i_1/O
                         net (fo=1, routed)           0.000     0.326    index[1]_i_1_n_0
    SLICE_X2Y21          FDRE                                         r  index_reg[1]/D
  -------------------------------------------------------------------    -------------------

Slack:                    inf
  Source:                 data_reg[1]/C
                            (rising edge-triggered cell FDRE)
  Destination:            tx_reg/D
  Path Group:             (none)
  Path Type:              Min at Fast Process Corner
  Data Path Delay:        0.332ns  (logic 0.231ns (69.530%)  route 0.101ns (30.470%))
  Logic Levels:           3  (FDRE=1 LUT6=2)

    Location             Delay type                Incr(ns)  Path(ns)    Netlist Resource(s)
  -------------------------------------------------------------------    -------------------
    SLICE_X0Y21          FDRE                         0.000     0.000 r  data_reg[1]/C
    SLICE_X0Y21          FDRE (Prop_fdre_C_Q)         0.141     0.141 r  data_reg[1]/Q
                         net (fo=1, routed)           0.051     0.192    data__0[1]
    SLICE_X1Y21          LUT6 (Prop_lut6_I3_O)        0.045     0.237 r  tx_i_3/O
                         net (fo=1, routed)           0.050     0.287    tx_i_3_n_0
    SLICE_X1Y21          LUT6 (Prop_lut6_I2_O)        0.045     0.332 r  tx_i_2/O
                         net (fo=1, routed)           0.000     0.332    tx_i_2_n_0
    SLICE_X1Y21          FDSE                                         r  tx_reg/D
  -------------------------------------------------------------------    -------------------

Slack:                    inf
  Source:                 FSM_sequential_state_reg[1]/C
                            (rising edge-triggered cell FDRE)
  Destination:            index_reg[2]/D
  Path Group:             (none)
  Path Type:              Min at Fast Process Corner
  Data Path Delay:        0.457ns  (logic 0.186ns (40.740%)  route 0.271ns (59.260%))
  Logic Levels:           2  (FDRE=1 LUT6=1)

    Location             Delay type                Incr(ns)  Path(ns)    Netlist Resource(s)
  -------------------------------------------------------------------    -------------------
    SLICE_X3Y21          FDRE                         0.000     0.000 r  FSM_sequential_state_reg[1]/C
    SLICE_X3Y21          FDRE (Prop_fdre_C_Q)         0.141     0.141 r  FSM_sequential_state_reg[1]/Q
                         net (fo=10, routed)          0.271     0.412    state[1]
    SLICE_X2Y21          LUT6 (Prop_lut6_I4_O)        0.045     0.457 r  index[2]_i_1/O
                         net (fo=1, routed)           0.000     0.457    index[2]_i_1_n_0
    SLICE_X2Y21          FDRE                                         r  index_reg[2]/D
  -------------------------------------------------------------------    -------------------

Slack:                    inf
  Source:                 FSM_sequential_state_reg[0]/C
                            (rising edge-triggered cell FDRE)
  Destination:            data_reg[0]/CE
  Path Group:             (none)
  Path Type:              Min at Fast Process Corner
  Data Path Delay:        0.496ns  (logic 0.209ns (42.177%)  route 0.287ns (57.823%))
  Logic Levels:           2  (FDRE=1 LUT3=1)

    Location             Delay type                Incr(ns)  Path(ns)    Netlist Resource(s)
  -------------------------------------------------------------------    -------------------
    SLICE_X2Y21          FDRE                         0.000     0.000 r  FSM_sequential_state_reg[0]/C
    SLICE_X2Y21          FDRE (Prop_fdre_C_Q)         0.164     0.164 f  FSM_sequential_state_reg[0]/Q
                         net (fo=7, routed)           0.171     0.335    state[0]
    SLICE_X0Y21          LUT3 (Prop_lut3_I2_O)        0.045     0.380 r  data[7]_i_1/O
                         net (fo=8, routed)           0.115     0.496    data[7]_i_1_n_0
    SLICE_X0Y21          FDRE                                         r  data_reg[0]/CE
  -------------------------------------------------------------------    -------------------

Slack:                    inf
  Source:                 FSM_sequential_state_reg[0]/C
                            (rising edge-triggered cell FDRE)
  Destination:            data_reg[1]/CE
  Path Group:             (none)
  Path Type:              Min at Fast Process Corner
  Data Path Delay:        0.496ns  (logic 0.209ns (42.177%)  route 0.287ns (57.823%))
  Logic Levels:           2  (FDRE=1 LUT3=1)

    Location             Delay type                Incr(ns)  Path(ns)    Netlist Resource(s)
  -------------------------------------------------------------------    -------------------
    SLICE_X2Y21          FDRE                         0.000     0.000 r  FSM_sequential_state_reg[0]/C
    SLICE_X2Y21          FDRE (Prop_fdre_C_Q)         0.164     0.164 f  FSM_sequential_state_reg[0]/Q
                         net (fo=7, routed)           0.171     0.335    state[0]
    SLICE_X0Y21          LUT3 (Prop_lut3_I2_O)        0.045     0.380 r  data[7]_i_1/O
                         net (fo=8, routed)           0.115     0.496    data[7]_i_1_n_0
    SLICE_X0Y21          FDRE                                         r  data_reg[1]/CE
  -------------------------------------------------------------------    -------------------

Slack:                    inf
  Source:                 FSM_sequential_state_reg[0]/C
                            (rising edge-triggered cell FDRE)
  Destination:            data_reg[2]/CE
  Path Group:             (none)
  Path Type:              Min at Fast Process Corner
  Data Path Delay:        0.496ns  (logic 0.209ns (42.177%)  route 0.287ns (57.823%))
  Logic Levels:           2  (FDRE=1 LUT3=1)

    Location             Delay type                Incr(ns)  Path(ns)    Netlist Resource(s)
  -------------------------------------------------------------------    -------------------
    SLICE_X2Y21          FDRE                         0.000     0.000 r  FSM_sequential_state_reg[0]/C
    SLICE_X2Y21          FDRE (Prop_fdre_C_Q)         0.164     0.164 f  FSM_sequential_state_reg[0]/Q
                         net (fo=7, routed)           0.171     0.335    state[0]
    SLICE_X0Y21          LUT3 (Prop_lut3_I2_O)        0.045     0.380 r  data[7]_i_1/O
                         net (fo=8, routed)           0.115     0.496    data[7]_i_1_n_0
    SLICE_X0Y21          FDRE                                         r  data_reg[2]/CE
  -------------------------------------------------------------------    -------------------

Slack:                    inf
  Source:                 FSM_sequential_state_reg[0]/C
                            (rising edge-triggered cell FDRE)
  Destination:            data_reg[3]/CE
  Path Group:             (none)
  Path Type:              Min at Fast Process Corner
  Data Path Delay:        0.496ns  (logic 0.209ns (42.177%)  route 0.287ns (57.823%))
  Logic Levels:           2  (FDRE=1 LUT3=1)

    Location             Delay type                Incr(ns)  Path(ns)    Netlist Resource(s)
  -------------------------------------------------------------------    -------------------
    SLICE_X2Y21          FDRE                         0.000     0.000 r  FSM_sequential_state_reg[0]/C
    SLICE_X2Y21          FDRE (Prop_fdre_C_Q)         0.164     0.164 f  FSM_sequential_state_reg[0]/Q
                         net (fo=7, routed)           0.171     0.335    state[0]
    SLICE_X0Y21          LUT3 (Prop_lut3_I2_O)        0.045     0.380 r  data[7]_i_1/O
                         net (fo=8, routed)           0.115     0.496    data[7]_i_1_n_0
    SLICE_X0Y21          FDRE                                         r  data_reg[3]/CE
  -------------------------------------------------------------------    -------------------

Slack:                    inf
  Source:                 FSM_sequential_state_reg[0]/C
                            (rising edge-triggered cell FDRE)
  Destination:            data_reg[4]/CE
  Path Group:             (none)
  Path Type:              Min at Fast Process Corner
  Data Path Delay:        0.496ns  (logic 0.209ns (42.177%)  route 0.287ns (57.823%))
  Logic Levels:           2  (FDRE=1 LUT3=1)

    Location             Delay type                Incr(ns)  Path(ns)    Netlist Resource(s)
  -------------------------------------------------------------------    -------------------
    SLICE_X2Y21          FDRE                         0.000     0.000 r  FSM_sequential_state_reg[0]/C
    SLICE_X2Y21          FDRE (Prop_fdre_C_Q)         0.164     0.164 f  FSM_sequential_state_reg[0]/Q
                         net (fo=7, routed)           0.171     0.335    state[0]
    SLICE_X0Y21          LUT3 (Prop_lut3_I2_O)        0.045     0.380 r  data[7]_i_1/O
                         net (fo=8, routed)           0.115     0.496    data[7]_i_1_n_0
    SLICE_X0Y21          FDRE                                         r  data_reg[4]/CE
  -------------------------------------------------------------------    -------------------





